Script started on 2023-10-03 19:11:32-04:00
bash-4.4$ vi ~/.bashrc
[?2004h[?1049h[22;0;0t[?1h=[?2004h[1;24r[?12h[?12l[27m[23m[29m[m[H[2J[?25l[24;1H"~/.bashrc" 1L, 1C[2;1H[1m[34m~                                                                               [3;1H~                                                                               [4;1H~                                                                               [5;1H~                                                                               [6;1H~                                                                               [7;1H~                                                                               [8;1H~                                                                               [9;1H~                                                                               [10;1H~                                                                               [11;1H~                                                                               [12;1H~                                                                               [13;1H~                                                                               [14;1H~                                                                               [15;1H~                                                                               [16;1H~                                                                               [17;1H~                                                                               [18;1H~                                                                               [19;1H~                                                                               [20;1H~                                                                               [21;1H~                                                                               [22;1H~                                                                               [23;1H~                                                                               [1;1H[?25h[?25l[m[24;1H[1m-- INSERT --[m[24;13H[K[1;1H[?25h[?25lalias l='ls -ltr'[?25h[?25l[2;1H[K[2;1H[?25h[?25lalias w='ls -l | wc -l'[?25h[24;1H[K[2;23H[?25l[?25h[?25l[24;1H:[?2004h[?25hwq[?25l[?2004l".bashrc" 2L, 42C written
[?2004l[?1l>[?25h[?1049l[23;0;0tbash-4.4$ l
bash: l: command not found
bash-4.4$ source ~/.bashrc
bash-4.4$ l
total 776
-rw-rw-r-- 1 benjaminf23 benjaminf23 235685 Aug 26 17:56  index.html
-rw-rw-r-- 1 benjaminf23 benjaminf23      8 Aug 29 14:00  README.md
-rw-rw-r-- 1 benjaminf23 benjaminf23 106270 Sep  6 19:35  spotify-2023.csv
-rw-rw-r-- 1 benjaminf23 benjaminf23 200279 Sep  8 01:12 'Global YouTube Statistics.csv'
drwxrwxr-x 4 benjaminf23 benjaminf23   4096 Sep  8 01:21  CS131
drwxrwxr-x 2 benjaminf23 benjaminf23   4096 Sep 11 20:24  Worksheet2
-rw-rw-r-- 1 benjaminf23 benjaminf23 200279 Sep 18 22:54  sorted_data.csv
-rw-rw-r-- 1 benjaminf23 benjaminf23    806 Sep 18 23:16  subscribers.csv
-rw-rw-r-- 1 benjaminf23 benjaminf23    790 Sep 18 23:22  filtered_data.csv
-rw-rw-r-- 1 benjaminf23 benjaminf23  18446 Sep 25 20:37  res.txt
-rw-rw-r-- 1 benjaminf23 benjaminf23    565 Sep 25 20:37  error.txt
drwxrwxr-x 6 benjaminf23 benjaminf23   4096 Oct  3 19:09  cs131
-rw-rw-r-- 1 benjaminf23 benjaminf23      0 Oct  3 19:11  ws4.txt
bash-4.4$ w
14
bash-4.4$ cd cs131/
bash-4.4$ mkdir -p Worksheet4/Subscribers
bash-4.4$ grep "United States" your_dataset.csv | cut -d "," -f 4 > Worksheet4/Suubscribers/United_States.txt[A[C[C[C[C[C[C[C[C[C[C[C[C[C[C[C[C[C[C[C[C[C[C[C[C[C[C[C[C[C[C[C[C[C[C[C[C[C[C[C[C[C[C[C[C[C[C[C[C[C[C[C[C[C[C[C[C[C[C[C[C[C[C[C[C[C[C[C[C[C[C[C[C[C[C[C[C[C[C[C[C[C[C | cut -d "," -f 4 > Worksheet4/Sub[1Pscribers/United_States.txt[A[C[C[C[C[C[C[C[C[C[C[C[C[C[C[C[C[C[C[C | cut -d "," -f 4 > Worksheet4/Subs[1Pcribers/United_States.txt[A[C[C[C[C[C[C[C[C[C[C[C[C[C[C[C[C[C[C[C | cut -d "," -f 4 > Worksheet4/Subsc[1Pribers/United_States.txt[A[C[C[C[C[C[C[C[C[C[C[C[C[C[C[C[C[C[C[C | cut -d "," -f 4 > Worksheet4/Subscr[1Pibers/United_States.txt[A[C[C[C[C[C[C[C[C[C[C[C[C[C[C[C[C[C[C[C | cut -d "," -f 4 > Worksheet4/Subscri[1Pbers/United_States.txt[A[C[C[C[C[C[C[C[C[C[C[C[C[C[C[C[C[C[C[C | cut -d "," -f 4 > Worksheet4/Subscrib[1Pers/United_States.txt[A[C[C[C[C[C[C[C[C[C[C[C[C[C[C[C[C[C[C[C | cut -d "," -f 4 > Worksheet4/Subscribe[1Prs/United_States.txt[A[C[C[C[C[C[C[C[C[C[C[C[C[C[C[C[C[C[C[C | cut -d "," -f 4 > Worksheet4/Subscriber[1Ps/United_States.txt[A[C[C[C[C[C[C[C[C[C[C[C[C[C[C[C[C[C[C[C | cut -d "," -f 4 > Worksheet4/Subscribers[1P/United_States.txt[A[C[C[C[C[C[C[C[C[C[C[C[C[C[C[C[C[C[C[C | cut -d "," -f 4 > Worksheet4/Subscribers/[1PUnited_States.txt[A[C[C[C[C[C[C[C[C[C[C[C[C[C[C[C[C[C[C[C | cut -d "," -f 4 > Worksheet4/Subscribers/U[1Pnited_States.txt[A[C[C[C[C[C[C[C[C[C[C[C[C[C[C[C[C[C[C[C | cut -d "," -f 4 > Worksheet4/Subscribers/Un[1Pited_States.txt[A[C[C[C[C[C[C[C[C[C[C[C[C[C[C[C[C[C[C[C | cut -d "," -f 4 > Worksheet4/Subscribers/Uni[1Pted_States.txt[A[C[C[C[C[C[C[C[C[C[C[C[C[C[C[C[C[C[C[C | cut -d "," -f 4 > Worksheet4/Subscribers/Unit[1Ped_States.txt[A[C[C[C[C[C[C[C[C[C[C[C[C[C[C[C[C[C[C[C | cut -d "," -f 4 > Worksheet4/Subscribers/Unite[1Pd_States.txt[A[C[C[C[C[C[C[C[C[C[C[C[C[C[C[C[C[C[C[C | cut -d "," -f 4 > Worksheet4/Subscribers/United[1P_States.txt[A[C[C[C[C[C[C[C[C[C[C[C[C[C[C[C[C[C[C[CG | cut -d "," -f 4 > Worksheet4/Subscribers/United_States.txt[A[C[C[C[C[C[C[C[C[C[C[C[C[C[C[C[C[C[C[Cl | cut -d "," -f 4 > Worksheet4/Subscribers/United_States.txt[A[C[C[C[C[C[C[C[C[C[C[C[C[C[C[C[C[C[C[Co | cut -d "," -f 4 > Worksheet4/Subscribers/United_States.txt[A[C[C[C[C[C[C[C[C[C[C[C[C[C[C[C[C[C[C[C | cut -d "," -f 4 > Worksheet4/Subscribers/Unit[1Ped_States.txt[A[C[C[C[C[C[C[C[C[C[C[C[C[C[C[C[C[C[C[C | cut -d "," -f 4 > Worksheet4/Subscribers/Unite[1Pd_States.txt[A[C[C[C[C[C[C[C[C[C[C[C[C[C[C[C[C[C[C[C[C[C[C[C[C[C[C[C[C[C[C[C[C[C[C[C[C[C[C[C[C[C[C[C[C[C[C[C[C[C[C[C[C[C[C[C[C[C[C[C[C[C[C[C[C[C[C[C
[C[C[C[C[C[C[C[C[C[C[C[C[C[K[K[K[K[K[K[K[K[K[K[K[K[K[A[C[C[C[C[C[C[C[C[C[C[C[C[C[C[C[C[C[C[C[C[C[C[C[C[C[C[C[C[C[C[C[C[C[C[C[C[C[C[C[C[C[C[C[C[C[C[C[C[C[C[C[C[C[C[C[C[C[C[C[C[C[C[C[C[C[C[C[C[C[C[C[C[C[C[C[C[C[C[C[K
[K[A[C[C[C[C[C[C[C[C[C[C[C[C[C[C[C[C[C[C[C[C[C[C[C[C[C[C[C[C[C[C[C[C[C[C[C[C[C[C[C[C[C[C[C[C[C[C[C[C[C[C[C[C[C[C[C[C[C[C[C[C[C[C[C[C[C[C[C[C[C[C[C[C[C[C[C[C[C[C[C[K[K[K[K[K[K[K[K[K[K[K[K[K[K[K[K[K[K[K[K[K[K[K[K[K[K[K[K[K[K[K[K[K[K[K[K[K[K[K[K[K[K[K[K[K[K[K[K[K[K[K[K[K[K[K[K[K[K[K[K[K[K[K[K[K[K[K[K[Kcd ..
bash-4.4$ grep "United States" your_dataset.csv | cut -d "," -f 4 > Worksheet4/Suubscribers/United_States.txt[A[C[C[C[C[C[C[C[C[C[C[C[C[C[C[C[C[C[C[C[C[C[C[C[C[C[C[C[C[C[C[C[C[C[C[C[C[C[C[C[C[C[C[C[C[C[C[C[C[C[C[C[C[C[C[C[C[C[C[C[C[C[C[C[C[C[C[C[C[C[C[C[C[C[C[C[C[C[C[C[C[C[C[C[C > Worksheet4/Sub[1Pscribers/United_States.txt[A[C[C[C[C[C[C[C[C[C[C[C[C[C[C[C[C[C[C[C[C[C[C[C[C[C[C[C[C[C[C[C[C[C[C[C[C[C3 > Worksheet4/Subscribers/United_States.txt[A[C[C[C[C[C[C[C[C[C[C[C[C[C[C[C[C[C[C[C[C[C[C[C[C[C[C[C[C[C[C[C[C[C[C[C[C[C[C | cut -d "," -f 3 > Worksheet4/Sub[1Pscribers/United_States.txt[A[C[C[C[C[C[C[C[C[C[C[C[C[C[C[C[C[C[C[C | cut -d "," -f 3 > Worksheet4/Subs[1Pcribers/United_States.txt[A[C[C[C[C[C[C[C[C[C[C[C[C[C[C[C[C[C[C[C | cut -d "," -f 3 > Worksheet4/Subsc[1Pribers/United_States.txt[A[C[C[C[C[C[C[C[C[C[C[C[C[C[C[C[C[C[C[C | cut -d "," -f 3 > Worksheet4/Subscr[1Pibers/United_States.txt[A[C[C[C[C[C[C[C[C[C[C[C[C[C[C[C[C[C[C[C | cut -d "," -f 3 > Worksheet4/Subscri[1Pbers/United_States.txt[A[C[C[C[C[C[C[C[C[C[C[C[C[C[C[C[C[C[C[C | cut -d "," -f 3 > Worksheet4/Subscrib[1Pers/United_States.txt[A[C[C[C[C[C[C[C[C[C[C[C[C[C[C[C[C[C[C[C | cut -d "," -f 3 > Worksheet4/Subscribe[1Prs/United_States.txt[A[C[C[C[C[C[C[C[C[C[C[C[C[C[C[C[C[C[C[C | cut -d "," -f 3 > Worksheet4/Subscriber[1Ps/United_States.txt[A[C[C[C[C[C[C[C[C[C[C[C[C[C[C[C[C[C[C[C | cut -d "," -f 3 > Worksheet4/Subscribers[1P/United_States.txt[A[C[C[C[C[C[C[C[C[C[C[C[C[C[C[C[C[C[C[C | cut -d "," -f 3 > Worksheet4/Subscribers/[1PUnited_States.txt[A[C[C[C[C[C[C[C[C[C[C[C[C[C[C[C[C[C[C[C | cut -d "," -f 3 > Worksheet4/Subscribers/U[1Pnited_States.txt[A[C[C[C[C[C[C[C[C[C[C[C[C[C[C[C[C[C[C[C | cut -d "," -f 3 > Worksheet4/Subscribers/Un[1Pited_States.txt[A[C[C[C[C[C[C[C[C[C[C[C[C[C[C[C[C[C[C[C | cut -d "," -f 3 > Worksheet4/Subscribers/Uni[1Pted_States.txt[A[C[C[C[C[C[C[C[C[C[C[C[C[C[C[C[C[C[C[C | cut -d "," -f 3 > Worksheet4/Subscribers/Unit[1Ped_States.txt[A[C[C[C[C[C[C[C[C[C[C[C[C[C[C[C[C[C[C[C | cut -d "," -f 3 > Worksheet4/Subscribers/Unite[1Pd_States.txt[A[C[C[C[C[C[C[C[C[C[C[C[C[C[C[C[C[C[C[C | cut -d "," -f 3 > Worksheet4/Subscribers/United[1P_States.txt[A[C[C[C[C[C[C[C[C[C[C[C[C[C[C[C[C[C[C[CG | cut -d "," -f 3 > Worksheet4/Subscribers/United_States.txt[A[C[C[C[C[C[C[C[C[C[C[C[C[C[C[C[C[C[C[Cl | cut -d "," -f 3 > Worksheet4/Subscribers/United_States.txt[A[C[C[C[C[C[C[C[C[C[C[C[C[C[C[C[C[C[C[Co | cut -d "," -f 3 > Worksheet4/Subscribers/United_States.txt[A[C[C[C[C[C[C[C[C[C[C[C[C[C[C[C[C[C[C[Cbal\ YouTube\ Statistics.csv | cut -d "," -f 3 > Worksheet4/Subscribers/United_States.txt[A[C[C[C[C[C[C[C[C[C[C[C[C[C[C[C[C[C[C[C
[K[Abash-4.4$ grep "United States" Global\ YouTube\ Statistics.csv | cut -d "," -f 3 > Worksheet4/Subscribers/United_States.txt[Kbash-4.4$ grep "United States" Global\ YouTube\ Statistics.csv | cut -d "," -f 3  > Worksheet4/Subscribers/United_States.txt[A[C[C[C[C[C[C[C[C[C[C[C[C[C[C[C[C[C[C[C[C[C[C[C[C[C[C[C[C[C[C[C[C[C[C[C[C
[C[C[C[C[C[C[C[C[C[C[C[C[C[C[C[C[C[C[C[C[C[C[C[C[C[C[C[C[C[C[C[C[C[C[C[C[C[C[C[C[C[C[C[C Worksheet4/Subscribers/United_States.txt[C[C[Cc Worksheet4/Subscribers/United_States.txt[C[C[C[Cs Worksheet4/Subscribers/United_States.txt[C[C[C[C[C131/ Worksheet4/Subscribers/United_States.txt[C[C[C[C[C[C[C[C[C[C[1PWorksheet4/Subscribers/United_States.txt[C[C[C[C[C[C[C[C[C
bash-4.4$ grep "India" your_dataset.csv | cut -d "," -f 4 > Worksheet4/Subscriberrs/India.txt[A[C[C[C[C[C[C[C[C[C[C[C[C[C[C[C[C[C[C[C[C[C[C[C[C[C[C[C[C[C[C[C[C[C[C[C[C[C[C[C[C[C[C[C[C[C[C[C[C[C[C[C[C[C[C[C[C[C[C[C[C[C[C[C[C[C[C[C[C[C[C[C[C[C[C[C[C[C[C[C[C[Cc Worksheet4/Subscribers/India.txt[A[C[C[C[C[C[C[C[C[C[C[C[C[C[C[C[C[C[C[C[C[C[C[C[C[C[C[C[C[C[C[C[C[C[C[C[C[C[C[C[C[C[C[C[C[C[C[Cs Worksheet4/Subscribers/India.txt[A[C[C[C[C[C[C[C[C[C[C[C[C[C[C[C[C[C[C[C[C[C[C[C[C[C[C[C[C[C[C[C[C[C[C[C[C[C[C[C[C[C[C[C[C[C[C[C131/ Worksheet4/Subscribers/India.txt[A[C[C[C[C[C[C[C[C[C[C[C[C[C[C[C[C[C[C[C[C[C[C[C[C[C[C[C[C[C[C[C[C[C[C[C[C[C[C[C[C[C[C[C[C[C[C[C[CWorksheet4/Subsc[1Pribers/India.txt[A[C[C[C[C[C[C[C[C[C[C[C[C[C[C[C[C[C[C[C[C[C[C[C[C[C[C[C[C[C[C[C[C[C[C[C[C[C[C[C[C[C[C[C[C[C[C[C[C cs131/Worksheet4/Subscribers/India.txt[A[C[C[C[C[C[C[C[C[C[C[C[C[C[C[C[C[C[C[C[C[C[C[C[C[C[C[C[C[C[C[C[C[C[C[C[C[C[C[C[C[C[C[C > cs131/Worksheet4/Subsc[1Pribers/India.txt[A[C[C[C[C[C[C[C[C[C[C[C[C[C[C[C[C[C[C[C[C[C[C[C[C[C[C[C[C[C[C[C[C[C[C[C[C[C[C[C3 > cs131/Worksheet4/Subscribers/India.txt[A[C[C[C[C[C[C[C[C[C[C[C[C[C[C[C[C[C[C[C[C[C[C[C[C[C[C[C[C[C[C[C[C[C[C[C[C[C[C[C[C | cut -d "," -f 3 > cs131/Worksheet4/Subsc[1Pribers/India.txt[A[C[C[C[C[C[C[C[C[C[C[C[C[C[C[C[C[C[C[C[C[C | cut -d "," -f 3 > cs131/Worksheet4/Subscr[1Pibers/India.txt[A[C[C[C[C[C[C[C[C[C[C[C[C[C[C[C[C[C[C[C[C[C | cut -d "," -f 3 > cs131/Worksheet4/Subscri[1Pbers/India.txt[A[C[C[C[C[C[C[C[C[C[C[C[C[C[C[C[C[C[C[C[C[C | cut -d "," -f 3 > cs131/Worksheet4/Subscrib[1Pers/India.txt[A[C[C[C[C[C[C[C[C[C[C[C[C[C[C[C[C[C[C[C[C[C | cut -d "," -f 3 > cs131/Worksheet4/Subscribe[1Prs/India.txt[A[C[C[C[C[C[C[C[C[C[C[C[C[C[C[C[C[C[C[C[C[C | cut -d "," -f 3 > cs131/Worksheet4/Subscriber[1Ps/India.txt[A[C[C[C[C[C[C[C[C[C[C[C[C[C[C[C[C[C[C[C[C[C | cut -d "," -f 3 > cs131/Worksheet4/Subscribers[1P/India.txt[A[C[C[C[C[C[C[C[C[C[C[C[C[C[C[C[C[C[C[C[C[C | cut -d "," -f 3 > cs131/Worksheet4/Subscribers/[1PIndia.txt[A[C[C[C[C[C[C[C[C[C[C[C[C[C[C[C[C[C[C[C[C[C | cut -d "," -f 3 > cs131/Worksheet4/Subscribers/I[1Pndia.txt[A[C[C[C[C[C[C[C[C[C[C[C[C[C[C[C[C[C[C[C[C[C | cut -d "," -f 3 > cs131/Worksheet4/Subscribers/In[1Pdia.txt[A[C[C[C[C[C[C[C[C[C[C[C[C[C[C[C[C[C[C[C[C[C | cut -d "," -f 3 > cs131/Worksheet4/Subscribers/Ind[1Pia.txt[A[C[C[C[C[C[C[C[C[C[C[C[C[C[C[C[C[C[C[C[C[C | cut -d "," -f 3 > cs131/Worksheet4/Subscribers/Indi[1Pa.txt[A[C[C[C[C[C[C[C[C[C[C[C[C[C[C[C[C[C[C[C[C[C | cut -d "," -f 3 > cs131/Worksheet4/Subscribers/India[1P.txt[A[C[C[C[C[C[C[C[C[C[C[C[C[C[C[C[C[C[C[C[C[C | cut -d "," -f 3 > cs131/Worksheet4/Subscribers/India.[1Ptxt[A[C[C[C[C[C[C[C[C[C[C[C[C[C[C[C[C[C[C[C[C[C | cut -d "," -f 3 > cs131/Worksheet4/Subscribers/India.t[1Pxt[A[C[C[C[C[C[C[C[C[C[C[C[C[C[C[C[C[C[C[C[C[C | cut -d "," -f 3 > cs131/Worksheet4/Subscribers/India.tx[1Pt[A[C[C[C[C[C[C[C[C[C[C[C[C[C[C[C[C[C[C[C[C[CG | cut -d "," -f 3 > cs131/Worksheet4/Subscribers/India.txt[A[C[C[C[C[C[C[C[C[C[C[C[C[C[C[C[C[C[C[C[C[Cl | cut -d "," -f 3 > cs131/Worksheet4/Subscribers/India.txt[A[C[C[C[C[C[C[C[C[C[C[C[C[C[C[C[C[C[C[C[C[Co | cut -d "," -f 3 > cs131/Worksheet4/Subscribers/India.txt[A[C[C[C[C[C[C[C[C[C[C[C[C[C[C[C[C[C[C[C[C[Cbal\ YouTube\ Statistics.csv | cut -d "," -f 3 > cs131/Worksheet4/Subscribers/India.txt[A[C[C[C[C[C[C[C[C[C[C[C[C[C[C[C[C[C[C[C[C[C

bash-4.4$ awk '{ sum += $1 } END { if (NR > 0) print sum / NR }' Worksheet4/Subsccribers/United_States.txt > Worksheet4/ws4_means.txt[C Worksheet4/ws4_means.txtc Worksheet4/ws4_means.txts Worksheet4/ws4_means.txt131/ Worksheet4/ws4_means.txt[C[1PWorksheet4/ws4_means.txt[A[C[C[C[C[C[C[C[C[C[C[C[C[C[C[C[C[C[C[C[C[C[C[C[C[C[C[C[C[C[C[C[C[C[C[C[C[C[C[C[C[C[C[C[C[C[C[C[C[C[C[C[C[C[C[C[C[C[C[C[C[C[C[C[C[C[C[C[C[C[C[C[C[C[C[C[C[C[C[C[C[C[Cc Worksheet4/Subs[1@c[A[C[C[C[C[C[C[C[C[C[C[C[C[C[C[C[C[C[C[C[C[C[C[C[C[C[C[C[C[C[C[C[C[C[C[C[C[C[C[C[C[C[C[C[C[C[C[C[C[C[C[C[C[C[C[C[C[C[C[C[C[C[C[Cs Worksheet4/Sub[1@s[A[C[C[C[C[C[C[C[C[C[C[C[C[C[C[C[C[C[C[C[C[C[C[C[C[C[C[C[C[C[C[C[C[C[C[C[C[C[C[C[C[C[C[C[C[C[C[C[C[C[C[C[C[C[C[C[C[C[C[C[C[C[C[C[C Worksheet4/Subs[1P[A[C[C[C[C[C[C[C[C[C[C[C[C[C[C[C[C[C[C[C[C[C[C[C[C[C[C[C[C[C[C[C[C[C[C[C[C[C[C[C[C[C[C[C[C[C[C[C[C[C[C[C[C[C[C[C[C[C[C[C[C[C[C[C[C Worksheet4/Subsc[1P[A[C[C[C[C[C[C[C[C[C[C[C[C[C[C[C[C[C[C[C[C[C[C[C[C[C[C[C[C[C[C[C[C[C[C[C[C[C[C[C[C[C[C[C[C[C[C[C[C[C[C[C[C[C[C[C[C[C[C[C[C[C[C[C[C Worksheet4/Subs[1@c[A[C[C[C[C[C[C[C[C[C[C[C[C[C[C[C[C[C[C[C[C[C[C[C[C[C[C[C[C[C[C[C[C[C[C[C[C[C[C[C[C[C[C[C[C[C[C[C[C[C[C[C[C[C[C[C[C[C[C[C[C[C[C[Cc Worksheet4/Sub[1@s[A[C[C[C[C[C[C[C[C[C[C[C[C[C[C[C[C[C[C[C[C[C[C[C[C[C[C[C[C[C[C[C[C[C[C[C[C[C[C[C[C[C[C[C[C[C[C[C[C[C[C[C[C[C[C[C[C[C[C[C[C[C[C[C[Cs Worksheet4/Su[1@b[A[C[C[C[C[C[C[C[C[C[C[C[C[C[C[C[C[C[C[C[C[C[C[C[C[C[C[C[C[C[C[C[C[C[C[C[C[C[C[C[C[C[C[C[C[C[C[C[C[C[C[C[C[C[C[C[C[C[C[C[C[C[C[C[C[C131/ Worksheet[4@4/Su[A[C[C[C[C[C[C[C[C[C[C[C[C[C[C[C[C[C[C[C[C[C[C[C[C[C[C[C[C[C[C[C[C[C[C[C[C[C[C[C[C[C[C[C[C[C[C[C[C[C[C[C[C[C[C[C[C[C[C[C[C[C[C[C[C[C[C[CWorksheet4[1P[A[C[C[C[C[C[C[C[C[C[C[C[C[C[C[C[C[C[C[C[C[C[C[C[C[C[C[C[C[C[C[C[C[C[C[C[C[C[C[C[C[C[C[C[C[C[C[C[C[C[C[C[C[C[C[C[C[C[C[C[C[C[C[C[C[C[C[C[C[C[C

bash-4.4$ awk '{ sum += $1 } END { if (NR > 0) print sum / NR }' Worksheet4/Subsccribers/India.txt >> Worksheet4/ws4_means.txt[C[C[C[C[C Worksheet4/ws4_means.txt[C[C[C[C[C[C[C[C[C[C[C[C[C[C[C[C[C[C[C[C[Cc Worksheet4/ws4_means.txt[C[C[C[C[C[C[C[C[C[C[C[C[C[C[C[C[C[C[C[C[C[Cs Worksheet4/ws4_means.txt[C[C[C[C[C[C[C[C[C[C[C[C[C[C[C[C[C[C[C[C[C[C[C131/ Worksheet4/ws4_means.txt[C[1PWorksheet4/ws4_means.txt[A[C[C[C[C[C[C[C[C[C[C[C[C[C[C[C[C[C[C[C[C[C[C[C[C[C[C[C[C[C[C[C[C[C[C[C[C[C[C[C[C[C[C[C[C[C[C[C[C[C[C[C[C[C[C[C[C[C[C[C[C[C[C[C[C[C[C[C[C[C[C[C[C[C[C[C[C[C[C[C[C Worksheet4/Subs[1@c[A[C[C[C[C[C[C[C[C[C[C[C[C[C[C[C[C[C[C[C[C[C[C[C[C[C[C[C[C[C[C[C[C[C[C[C[C[C[C[C[C[C[C[C[C[C[C[C[C[C[C[C[C[C[C[C[C[C[C[C[C[C[C[Cc Worksheet4/Sub[1@s[A[C[C[C[C[C[C[C[C[C[C[C[C[C[C[C[C[C[C[C[C[C[C[C[C[C[C[C[C[C[C[C[C[C[C[C[C[C[C[C[C[C[C[C[C[C[C[C[C[C[C[C[C[C[C[C[C[C[C[C[C[C[C[C[Cs Worksheet4/Su[1@b[A[C[C[C[C[C[C[C[C[C[C[C[C[C[C[C[C[C[C[C[C[C[C[C[C[C[C[C[C[C[C[C[C[C[C[C[C[C[C[C[C[C[C[C[C[C[C[C[C[C[C[C[C[C[C[C[C[C[C[C[C[C[C[C[C[C131/ Worksheet[4@4/Su[A[C[C[C[C[C[C[C[C[C[C[C[C[C[C[C[C[C[C[C[C[C[C[C[C[C[C[C[C[C[C[C[C[C[C[C[C[C[C[C[C[C[C[C[C[C[C[C[C[C[C[C[C[C[C[C[C[C[C[C[C[C[C[C[C[C[C[CWorksheet4[1P[A[C[C[C[C[C[C[C[C[C[C[C[C[C[C[C[C[C[C[C[C[C[C[C[C[C[C[C[C[C[C[C[C[C[C[C[C[C[C[C[C[C[C[C[C[C[C[C[C[C[C[C[C[C[C[C[C[C[C[C[C[C[C[C[C[C[C[C[C[C[C

bash-4.4$ exit

Script done on 2023-10-03 19:16:24-04:00
